
> get-me-a-chai@2.0.0 build
> next build

   Γû▓ Next.js 15.5.9
   - Environments: .env.local

   Creating an optimized production build ...
 Γ£ô Compiled successfully in 4.0s
   Skipping linting
   Checking validity of types ...
   Collecting page data ...
node.exe : (node:12136) 
[MONGOOSE] Warning: 
Duplicate schema index on 
{"slug":1} found. This is 
often due to declaring an 
index using both "index: 
true" and "schema.index()". 
Please remove the duplicate 
index definition.
At C:\Program 
Files\nodejs\npm.ps1:29 
char:3
+   & $NODE_EXE $NPM_CLI_JS 
$args
+   ~~~~~~~~~~~~~~~~~~~~~~~~
~~~~~
    + CategoryInfo          
    : NotSpecified: ((node  
  :12136) [M...dex defini   
 tion.:String) [], Remot    
eException
    + FullyQualifiedErrorId 
    : NativeCommandError
 
(Use `node --trace-warnings 
...` to show where the 
warning was created)
(node:12136) [MONGOOSE] 
Warning: Duplicate schema 
index on {"viewedAt":1} 
found. This is often due to 
declaring an index using 
both "index: true" and 
"schema.index()". Please 
remove the duplicate index 
definition.
(node:3528) [MONGOOSE] 
Warning: Duplicate schema 
index on {"slug":1} found. 
This is often due to 
declaring an index using 
both "index: true" and 
"schema.index()". Please 
remove the duplicate index 
definition.
(Use `node --trace-warnings 
...` to show where the 
warning was created)
(node:18668) [MONGOOSE] 
Warning: Duplicate schema 
index on {"slug":1} found. 
This is often due to 
declaring an index using 
both "index: true" and 
"schema.index()". Please 
remove the duplicate index 
definition.
(Use `node --trace-warnings 
...` to show where the 
warning was created)
(node:4740) [MONGOOSE] 
Warning: Duplicate schema 
index on {"slug":1} found. 
This is often due to 
declaring an index using 
both "index: true" and 
"schema.index()". Please 
remove the duplicate index 
definition.
(Use `node --trace-warnings 
...` to show where the 
warning was created)
(node:12876) [MONGOOSE] 
Warning: Duplicate schema 
index on {"slug":1} found. 
This is often due to 
declaring an index using 
both "index: true" and 
"schema.index()". Please 
remove the duplicate index 
definition.
(Use `node --trace-warnings 
...` to show where the 
warning was created)
   Generating static pages (0/32) ...
   Generating static pages (8/32) 
(node:10684) [MONGOOSE] 
Warning: Duplicate schema 
index on {"slug":1} found. 
This is often due to 
declaring an index using 
both "index: true" and 
"schema.index()". Please 
remove the duplicate index 
definition.
(Use `node --trace-warnings 
...` to show where the 
warning was created)
(node:11080) [MONGOOSE] 
Warning: Duplicate schema 
index on {"slug":1} found. 
This is often due to 
declaring an index using 
both "index: true" and 
"schema.index()". Please 
remove the duplicate index 
definition.
(Use `node --trace-warnings 
...` to show where the 
warning was created)
(node:11080) [MONGOOSE] 
Warning: Duplicate schema 
index on {"viewedAt":1} 
found. This is often due to 
declaring an index using 
both "index: true" and 
"schema.index()". Please 
remove the duplicate index 
definition.
 Γ¿» useSearchParams() 
should be wrapped in a 
suspense boundary at page 
"/login". Read more: https:/
/nextjs.org/docs/messages/mi
ssing-suspense-with-csr-bail
out
    at g (C:\Users\ragha\pro
ject\get-me-a-chai\.next\ser
ver\chunks\844.js:1:144071)
    at m (C:\Users\ragha\pro
ject\get-me-a-chai\.next\ser
ver\chunks\844.js:9:16096)
    at j (C:\Users\ragha\pro
ject\get-me-a-chai\.next\ser
ver\app\login\page.js:1:3906
)
    at n3 (C:\Users\ragha\pr
oject\get-me-a-chai\node_mod
ules\next\dist\compiled\next
-server\app-page.runtime.pro
d.js:2:82831)
    at n6 (C:\Users\ragha\pr
oject\get-me-a-chai\node_mod
ules\next\dist\compiled\next
-server\app-page.runtime.pro
d.js:2:84601)
    at n5 (C:\Users\ragha\pr
oject\get-me-a-chai\node_mod
ules\next\dist\compiled\next
-server\app-page.runtime.pro
d.js:2:104801)
    at n7 (C:\Users\ragha\pr
oject\get-me-a-chai\node_mod
ules\next\dist\compiled\next
-server\app-page.runtime.pro
d.js:2:102219)
    at n8 (C:\Users\ragha\pr
oject\get-me-a-chai\node_mod
ules\next\dist\compiled\next
-server\app-page.runtime.pro
d.js:2:83183)
    at n6 (C:\Users\ragha\pr
oject\get-me-a-chai\node_mod
ules\next\dist\compiled\next
-server\app-page.runtime.pro
d.js:2:84647)
    at n6 (C:\Users\ragha\pr
oject\get-me-a-chai\node_mod
ules\next\dist\compiled\next
-server\app-page.runtime.pro
d.js:2:101560)
Error occurred prerendering 
page "/login". Read more: ht
tps://nextjs.org/docs/messag
es/prerender-error
Export encountered an error 
on /login/page: /login, 
exiting the build.
   Generating static pages (16/32) 
 Γ¿» Next.js build worker 
exited with code: 1 and 
signal: null
